Processing URL: https://www.instagram.com/reels/DOl1c8gESHr/
OPENAI_API_KEY exists: true
GEMINI_API_KEY exists: true
[31merror[39m: Content processing error: Invalid content processing result {"service":"travel-agent-api","stack":"Error: Invalid content processing result\n    at Function.processContent (C:\\Users\\Vamsi\\Travelagent\\backend\\src\\agents\\travelAgent.ts:117:15)\n    at processTicksAndRejections (node:internal/process/task_queues:105:5)\n    at async Function.processUrl (C:\\Users\\Vamsi\\Travelagent\\backend\\src\\services\\contentProcessor.service.ts:83:25)\n    at async run (C:\\Users\\Vamsi\\Travelagent\\backend\\src\\manual_test_insta.ts:21:24)","timestamp":"2025-11-20 11:31:29"}
[31merror[39m: Error processing URL: Failed to process content {"service":"travel-agent-api","stack":"Error: Failed to process content\n    at Function.processContent (C:\\Users\\Vamsi\\Travelagent\\backend\\src\\agents\\travelAgent.ts:123:13)\n    at processTicksAndRejections (node:internal/process/task_queues:105:5)\n    at async Function.processUrl (C:\\Users\\Vamsi\\Travelagent\\backend\\src\\services\\contentProcessor.service.ts:83:25)\n    at async run (C:\\Users\\Vamsi\\Travelagent\\backend\\src\\manual_test_insta.ts:21:24)","timestamp":"2025-11-20 11:31:29"}
node.exe : Error Message: Failed to process 
instagram: Failed to process content
At C:\Program Files\nodejs\npx.ps1:29 char:3
+   & $NODE_EXE $NPX_CLI_JS $args
+   ~~~~~~~~~~~~~~~~~~~~~~~~~~~~~
    + CategoryInfo          : NotSpecified: (E 
   rror Message: ...process content:String) [  
  ], RemoteException
    + FullyQualifiedErrorId : NativeCommandErr 
   or
 
Error Stack: Error: Failed to process 
instagram: Failed to process content
    at Function.processUrl (C:\Users\Vamsi\Trav
elagent\backend\src\services\contentProcessor.s
ervice.ts:91:13)
    at processTicksAndRejections 
(node:internal/process/task_queues:105:5)
    at async run (C:\Users\Vamsi\Travelagent\ba
ckend\src\manual_test_insta.ts:21:24)
